{"Name":"css-sample-0","Type":"basic-css","Files":["main.css","main.html"],"Dir":"."}
