{"Name":"css-sample-0","Type":"Dir","Files":["main.css","main.html"],"Dir":"."}
